
[1;38;2;5;141;150mh[1;38;2;31;154;124mh[1;38;2;56;167;98mm[1;38;2;82;180;72mi[0m [38;2;120;120;120m|[0m [1;38;2;255;255;255mjanelia[0m
[38;2;150;150;150m       Research Campus[0m

[1mWelcome to the Janelia Mojo Sandbox[0m

[1;38;2;230;180;40mNote:[0m /work is shared across the class -- please create your own
directory (e.g. [1mmkdir /work/yourname[0m) so you don't overwrite
classmates' files.

